// Jest Snapshot v1, https://goo.gl/fbAQLP

exports[`MoviePage displays error message 1`] = `
<div
  className="flex items-center justify-center h-90 w-full"
>
  <div
    className="text-center"
  >
    <h1
      className="text-2xl font-bold mb-4"
    >
      Movie not found
    </h1>
    <p
      className="text-gray-600"
    >
      Please check the movie ID and try again.
    </p>
    <p
      className="text-gray-600"
    >
      Use only navigation from the home page.
    </p>
    <p
      className="text-gray-600"
    >
      Reload will not work.
    </p>
  </div>
</div>
`;

exports[`MoviePage displays loading state 1`] = `
<div
  className="w-full h-full"
>
  <div
    className="flex justify-center items-center pt-4"
  >
    <div
      className="animate-spin rounded-full h-16 w-16 border-t-4 border-blue-500 border-solid"
    />
  </div>
</div>
`;

exports[`MoviePage renders the component 1`] = `
<div
  className="w-full h-full"
>
  <div
    className="bg-gray-900 text-white p-6 rounded-lg shadow-lg max-w-4xl mx-auto"
  >
    <div
      className="mb-6"
    >
      <a
        className="inline-block bg-gray-700 hover:bg-gray-600 text-white font-semibold py-2 px-4 rounded-md"
        href="/"
        onClick={[Function]}
        onMouseEnter={[Function]}
        onTouchStart={[Function]}
      >
        ‚Üê Back to Movies list
      </a>
    </div>
    <div
      className="relative w-full h-80 bg-cover bg-center rounded-lg overflow-hidden"
      style={
        {
          "backgroundImage": "url(https://image.tmdb.org/t/p/originalundefined)",
        }
      }
    >
      <div
        className="absolute inset-0 bg-gradient-to-t from-black to-transparent opacity-90"
      />
      <div
        className="absolute top-4 left-4 bg-white text-black rounded-full flex items-center justify-center w-12 h-12"
      >
        <p
          className="text-sm font-bold"
        />
      </div>
    </div>
    <div
      className="mt-6"
    >
      <h1
        className="text-4xl font-bold"
      >
        Movie 1
      </h1>
      <p
        className="text-gray-400 italic"
      />
      <p
        className="mt-4 text-lg"
      />
    </div>
    <div
      className="mt-4 space-y-2"
    >
      0
      0
    </div>
  </div>
</div>
`;
