// Jest Snapshot v1, https://goo.gl/fbAQLP

exports[`Rating renders component 1`] = `
<span
  className="inline-block bg-gray-800 rounded-full px-3 py-1 text-sm mr-2 my-2"
>
  Test
</span>
`;
