// Jest Snapshot v1, https://goo.gl/fbAQLP

exports[`Pagination renders component 1`] = `
<div
  className="flex justify-center items-center space-x-4 mt-8"
>
  <button
    className="px-2 md:px-4 py-2 rounded-md bg-gray-700 text-white font-semibold hover:bg-gray-600 transition opacity-50 cursor-not-allowed"
    disabled={true}
    onClick={[MockFunction]}
  >
    <svg
      aria-hidden="true"
      className="h-6 w-6"
      fill="currentColor"
      viewBox="0 0 20 20"
    >
      <path
        clipRule="evenodd"
        d="M12.79 5.23a.75.75 0 01-.02 1.06L8.832 10l3.938 3.71a.75.75 0 11-1.04 1.08l-4.5-4.25a.75.75 0 010-1.08l4.5-4.25a.75.75 0 011.06.02z"
        fillRule="evenodd"
      />
    </svg>
  </button>
  <div
    className="flex space-x-1 md:space-x-2"
  >
    <button
      className="px-2 md:px-4 py-2 rounded-md bg-blue-600 text-white"
      onClick={[Function]}
    >
      1
    </button>
    <button
      className="px-2 md:px-4 py-2 rounded-md bg-gray-700 text-white hover:bg-gray-600"
      onClick={[Function]}
    >
      2
    </button>
    <button
      className="px-2 md:px-4 py-2 rounded-md bg-gray-700 text-white hover:bg-gray-600"
      onClick={[Function]}
    >
      3
    </button>
    <button
      className="px-2 md:px-4 py-2 rounded-md bg-gray-700 text-white hover:bg-gray-600"
      onClick={[Function]}
    >
      4
    </button>
    <button
      className="px-2 md:px-4 py-2 rounded-md bg-gray-700 text-white hover:bg-gray-600"
      onClick={[Function]}
    >
      5
    </button>
    <button
      className="px-2 md:px-4 py-2 rounded-md bg-gray-700 text-white hover:bg-gray-600"
      onClick={[Function]}
    >
      6
    </button>
    <span
      className="px-2 py-2 text-gray-500"
    >
      ...
    </span>
    <button
      className="px-2 md:px-4 py-2 rounded-md bg-gray-700 text-white hover:bg-gray-600"
      onClick={[Function]}
    >
      10
    </button>
  </div>
  <button
    className="px-2 md:px-4 py-2 rounded-md bg-gray-700 text-white font-semibold hover:bg-gray-600 transition "
    disabled={false}
    onClick={[MockFunction]}
  >
    <svg
      aria-hidden="true"
      className="h-6 w-6"
      fill="currentColor"
      viewBox="0 0 20 20"
    >
      <path
        clipRule="evenodd"
        d="M7.21 14.77a.75.75 0 01.02-1.06L11.168 10 7.23 6.29a.75.75 0 111.04-1.08l4.5 4.25a.75.75 0 010 1.08l-4.5 4.25a.75.75 0 01-1.06-.02z"
        fillRule="evenodd"
      />
    </svg>
  </button>
</div>
`;
