// Jest Snapshot v1, https://goo.gl/fbAQLP

exports[`BlockTitle renders component 1`] = `
<h3
  className="text-2xl font-semibold mb-4"
>
  Test
</h3>
`;
